--------------------------------------------------------------------------------
Release 14.6 Trace  (nt)
Copyright (c) 1995-2013 Xilinx, Inc.  All rights reserved.

D:\Xilinx\14.6\ISE_DS\ISE\bin\nt\unwrapped\trce.exe -filter
G:/Class/Digital System Design/Lab/3-7Seg-Adder/iseconfig/filter.filter
-intstyle ise -v 3 -s 2 -n 3 -fastpaths -xml MimasV2TopModuleLX9.twx
MimasV2TopModuleLX9.ncd -o MimasV2TopModuleLX9.twr MimasV2TopModuleLX9.pcf

Design file:              MimasV2TopModuleLX9.ncd
Physical constraint file: MimasV2TopModuleLX9.pcf
Device,package,speed:     xc6slx9,csg324,C,-2 (PRODUCTION 1.23 2013-06-08)
Report level:             verbose report

Environment Variable      Effect 
--------------------      ------ 
NONE                      No environment variables were set
--------------------------------------------------------------------------------

INFO:Timing:3412 - To improve timing, see the Timing Closure User Guide (UG612).
INFO:Timing:2752 - To get complete path coverage, use the unconstrained paths 
   option. All paths that are not constrained will be reported in the 
   unconstrained paths section(s) of the report.
INFO:Timing:3339 - The clock-to-out numbers in this timing report are based on 
   a 50 Ohm transmission line loading model.  For the details of this model, 
   and for more information on accounting for different loading conditions, 
   please see the device datasheet.

================================================================================
Timing constraint: NET "clocking_Instant/clkin1" PERIOD = 10 ns HIGH 50%;
For more information, see Period Analysis in the Timing Closure User Guide (UG612).

 0 paths analyzed, 0 endpoints analyzed, 0 failing endpoints
 0 timing errors detected. (0 component switching limit errors)
 Minimum period is   5.340ns.
--------------------------------------------------------------------------------

Component Switching Limit Checks: NET "clocking_Instant/clkin1" PERIOD = 10 ns HIGH 50%;
--------------------------------------------------------------------------------
Slack: 4.660ns (period - (min low pulse limit / (low pulse / period)))
  Period: 10.000ns
  Low pulse: 5.000ns
  Low pulse limit: 2.670ns (Tdcmpw_CLKIN_100_150)
  Physical resource: clocking_Instant/dcm_sp_inst/CLKIN
  Logical resource: clocking_Instant/dcm_sp_inst/CLKIN
  Location pin: DCM_X0Y1.CLKIN
  Clock network: clocking_Instant/dcm_sp_inst_ML_NEW_DIVCLK
--------------------------------------------------------------------------------
Slack: 4.660ns (period - (min high pulse limit / (high pulse / period)))
  Period: 10.000ns
  High pulse: 5.000ns
  High pulse limit: 2.670ns (Tdcmpw_CLKIN_100_150)
  Physical resource: clocking_Instant/dcm_sp_inst/CLKIN
  Logical resource: clocking_Instant/dcm_sp_inst/CLKIN
  Location pin: DCM_X0Y1.CLKIN
  Clock network: clocking_Instant/dcm_sp_inst_ML_NEW_DIVCLK
--------------------------------------------------------------------------------
Slack: 6.000ns (period - min period limit)
  Period: 10.000ns
  Min period limit: 4.000ns (250.000MHz) (Tdcmper_CLKIN)
  Physical resource: clocking_Instant/dcm_sp_inst/CLKIN
  Logical resource: clocking_Instant/dcm_sp_inst/CLKIN
  Location pin: DCM_X0Y1.CLKIN
  Clock network: clocking_Instant/dcm_sp_inst_ML_NEW_DIVCLK
--------------------------------------------------------------------------------

================================================================================
Timing constraint: PERIOD analysis for net "clocking_Instant/clk0" derived from 
 NET "clocking_Instant/clkin1" PERIOD = 10 ns HIGH 50%;  duty cycle corrected 
to 10 nS  HIGH 5 nS  
For more information, see Period Analysis in the Timing Closure User Guide (UG612).

 191 paths analyzed, 62 endpoints analyzed, 0 failing endpoints
 0 timing errors detected. (0 setup errors, 0 hold errors, 0 component switching limit errors)
 Minimum period is   4.000ns.
--------------------------------------------------------------------------------

Paths for end point SevenSegmentDisplay_instant/counter_17 (SLICE_X12Y25.CIN), 16 paths
--------------------------------------------------------------------------------
Slack (setup path):     7.717ns (requirement - (data path - clock path skew + uncertainty))
  Source:               SevenSegmentDisplay_instant/counter_0 (FF)
  Destination:          SevenSegmentDisplay_instant/counter_17 (FF)
  Requirement:          10.000ns
  Data Path Delay:      2.128ns (Levels of Logic = 5)
  Clock Path Skew:      -0.020ns (0.285 - 0.305)
  Source Clock:         CLK_100MHz rising at 0.000ns
  Destination Clock:    CLK_100MHz rising at 10.000ns
  Clock Uncertainty:    0.135ns

  Clock Uncertainty:          0.135ns  ((TSJ^2 + TIJ^2)^1/2 + DJ) / 2 + PE
    Total System Jitter (TSJ):  0.070ns
    Total Input Jitter (TIJ):   0.000ns
    Discrete Jitter (DJ):       0.200ns
    Phase Error (PE):           0.000ns

  Maximum Data Path at Slow Process Corner: SevenSegmentDisplay_instant/counter_0 to SevenSegmentDisplay_instant/counter_17
    Location             Delay type         Delay(ns)  Physical Resource
                                                       Logical Resource(s)
    -------------------------------------------------  -------------------
    SLICE_X12Y21.AQ      Tcko                  0.525   SevenSegmentDisplay_instant/counter<3>
                                                       SevenSegmentDisplay_instant/counter_0
    SLICE_X12Y21.A5      net (fanout=1)        0.456   SevenSegmentDisplay_instant/counter<0>
    SLICE_X12Y21.COUT    Topcya                0.474   SevenSegmentDisplay_instant/counter<3>
                                                       SevenSegmentDisplay_instant/Mcount_counter_lut<0>_INV_0
                                                       SevenSegmentDisplay_instant/Mcount_counter_cy<3>
    SLICE_X12Y22.CIN     net (fanout=1)        0.003   SevenSegmentDisplay_instant/Mcount_counter_cy<3>
    SLICE_X12Y22.COUT    Tbyp                  0.093   SevenSegmentDisplay_instant/counter<7>
                                                       SevenSegmentDisplay_instant/Mcount_counter_cy<7>
    SLICE_X12Y23.CIN     net (fanout=1)        0.003   SevenSegmentDisplay_instant/Mcount_counter_cy<7>
    SLICE_X12Y23.COUT    Tbyp                  0.093   SevenSegmentDisplay_instant/counter<11>
                                                       SevenSegmentDisplay_instant/Mcount_counter_cy<11>
    SLICE_X12Y24.CIN     net (fanout=1)        0.082   SevenSegmentDisplay_instant/Mcount_counter_cy<11>
    SLICE_X12Y24.COUT    Tbyp                  0.093   SevenSegmentDisplay_instant/counter<15>
                                                       SevenSegmentDisplay_instant/Mcount_counter_cy<15>
    SLICE_X12Y25.CIN     net (fanout=1)        0.003   SevenSegmentDisplay_instant/Mcount_counter_cy<15>
    SLICE_X12Y25.CLK     Tcinck                0.303   SevenSegmentDisplay_instant/counter<18>
                                                       SevenSegmentDisplay_instant/Mcount_counter_xor<18>
                                                       SevenSegmentDisplay_instant/counter_17
    -------------------------------------------------  ---------------------------
    Total                                      2.128ns (1.581ns logic, 0.547ns route)
                                                       (74.3% logic, 25.7% route)

--------------------------------------------------------------------------------
Slack (setup path):     7.816ns (requirement - (data path - clock path skew + uncertainty))
  Source:               SevenSegmentDisplay_instant/counter_4 (FF)
  Destination:          SevenSegmentDisplay_instant/counter_17 (FF)
  Requirement:          10.000ns
  Data Path Delay:      2.032ns (Levels of Logic = 4)
  Clock Path Skew:      -0.017ns (0.285 - 0.302)
  Source Clock:         CLK_100MHz rising at 0.000ns
  Destination Clock:    CLK_100MHz rising at 10.000ns
  Clock Uncertainty:    0.135ns

  Clock Uncertainty:          0.135ns  ((TSJ^2 + TIJ^2)^1/2 + DJ) / 2 + PE
    Total System Jitter (TSJ):  0.070ns
    Total Input Jitter (TIJ):   0.000ns
    Discrete Jitter (DJ):       0.200ns
    Phase Error (PE):           0.000ns

  Maximum Data Path at Slow Process Corner: SevenSegmentDisplay_instant/counter_4 to SevenSegmentDisplay_instant/counter_17
    Location             Delay type         Delay(ns)  Physical Resource
                                                       Logical Resource(s)
    -------------------------------------------------  -------------------
    SLICE_X12Y22.AQ      Tcko                  0.525   SevenSegmentDisplay_instant/counter<7>
                                                       SevenSegmentDisplay_instant/counter_4
    SLICE_X12Y22.A5      net (fanout=1)        0.456   SevenSegmentDisplay_instant/counter<4>
    SLICE_X12Y22.COUT    Topcya                0.474   SevenSegmentDisplay_instant/counter<7>
                                                       SevenSegmentDisplay_instant/counter<4>_rt
                                                       SevenSegmentDisplay_instant/Mcount_counter_cy<7>
    SLICE_X12Y23.CIN     net (fanout=1)        0.003   SevenSegmentDisplay_instant/Mcount_counter_cy<7>
    SLICE_X12Y23.COUT    Tbyp                  0.093   SevenSegmentDisplay_instant/counter<11>
                                                       SevenSegmentDisplay_instant/Mcount_counter_cy<11>
    SLICE_X12Y24.CIN     net (fanout=1)        0.082   SevenSegmentDisplay_instant/Mcount_counter_cy<11>
    SLICE_X12Y24.COUT    Tbyp                  0.093   SevenSegmentDisplay_instant/counter<15>
                                                       SevenSegmentDisplay_instant/Mcount_counter_cy<15>
    SLICE_X12Y25.CIN     net (fanout=1)        0.003   SevenSegmentDisplay_instant/Mcount_counter_cy<15>
    SLICE_X12Y25.CLK     Tcinck                0.303   SevenSegmentDisplay_instant/counter<18>
                                                       SevenSegmentDisplay_instant/Mcount_counter_xor<18>
                                                       SevenSegmentDisplay_instant/counter_17
    -------------------------------------------------  ---------------------------
    Total                                      2.032ns (1.488ns logic, 0.544ns route)
                                                       (73.2% logic, 26.8% route)

--------------------------------------------------------------------------------
Slack (setup path):     7.887ns (requirement - (data path - clock path skew + uncertainty))
  Source:               SevenSegmentDisplay_instant/counter_3 (FF)
  Destination:          SevenSegmentDisplay_instant/counter_17 (FF)
  Requirement:          10.000ns
  Data Path Delay:      1.958ns (Levels of Logic = 5)
  Clock Path Skew:      -0.020ns (0.285 - 0.305)
  Source Clock:         CLK_100MHz rising at 0.000ns
  Destination Clock:    CLK_100MHz rising at 10.000ns
  Clock Uncertainty:    0.135ns

  Clock Uncertainty:          0.135ns  ((TSJ^2 + TIJ^2)^1/2 + DJ) / 2 + PE
    Total System Jitter (TSJ):  0.070ns
    Total Input Jitter (TIJ):   0.000ns
    Discrete Jitter (DJ):       0.200ns
    Phase Error (PE):           0.000ns

  Maximum Data Path at Slow Process Corner: SevenSegmentDisplay_instant/counter_3 to SevenSegmentDisplay_instant/counter_17
    Location             Delay type         Delay(ns)  Physical Resource
                                                       Logical Resource(s)
    -------------------------------------------------  -------------------
    SLICE_X12Y21.DQ      Tcko                  0.525   SevenSegmentDisplay_instant/counter<3>
                                                       SevenSegmentDisplay_instant/counter_3
    SLICE_X12Y21.D5      net (fanout=1)        0.448   SevenSegmentDisplay_instant/counter<3>
    SLICE_X12Y21.COUT    Topcyd                0.312   SevenSegmentDisplay_instant/counter<3>
                                                       SevenSegmentDisplay_instant/counter<3>_rt
                                                       SevenSegmentDisplay_instant/Mcount_counter_cy<3>
    SLICE_X12Y22.CIN     net (fanout=1)        0.003   SevenSegmentDisplay_instant/Mcount_counter_cy<3>
    SLICE_X12Y22.COUT    Tbyp                  0.093   SevenSegmentDisplay_instant/counter<7>
                                                       SevenSegmentDisplay_instant/Mcount_counter_cy<7>
    SLICE_X12Y23.CIN     net (fanout=1)        0.003   SevenSegmentDisplay_instant/Mcount_counter_cy<7>
    SLICE_X12Y23.COUT    Tbyp                  0.093   SevenSegmentDisplay_instant/counter<11>
                                                       SevenSegmentDisplay_instant/Mcount_counter_cy<11>
    SLICE_X12Y24.CIN     net (fanout=1)        0.082   SevenSegmentDisplay_instant/Mcount_counter_cy<11>
    SLICE_X12Y24.COUT    Tbyp                  0.093   SevenSegmentDisplay_instant/counter<15>
                                                       SevenSegmentDisplay_instant/Mcount_counter_cy<15>
    SLICE_X12Y25.CIN     net (fanout=1)        0.003   SevenSegmentDisplay_instant/Mcount_counter_cy<15>
    SLICE_X12Y25.CLK     Tcinck                0.303   SevenSegmentDisplay_instant/counter<18>
                                                       SevenSegmentDisplay_instant/Mcount_counter_xor<18>
                                                       SevenSegmentDisplay_instant/counter_17
    -------------------------------------------------  ---------------------------
    Total                                      1.958ns (1.419ns logic, 0.539ns route)
                                                       (72.5% logic, 27.5% route)

--------------------------------------------------------------------------------

Paths for end point SevenSegmentDisplay_instant/counter_18 (SLICE_X12Y25.CIN), 16 paths
--------------------------------------------------------------------------------
Slack (setup path):     7.748ns (requirement - (data path - clock path skew + uncertainty))
  Source:               SevenSegmentDisplay_instant/counter_0 (FF)
  Destination:          SevenSegmentDisplay_instant/counter_18 (FF)
  Requirement:          10.000ns
  Data Path Delay:      2.097ns (Levels of Logic = 5)
  Clock Path Skew:      -0.020ns (0.285 - 0.305)
  Source Clock:         CLK_100MHz rising at 0.000ns
  Destination Clock:    CLK_100MHz rising at 10.000ns
  Clock Uncertainty:    0.135ns

  Clock Uncertainty:          0.135ns  ((TSJ^2 + TIJ^2)^1/2 + DJ) / 2 + PE
    Total System Jitter (TSJ):  0.070ns
    Total Input Jitter (TIJ):   0.000ns
    Discrete Jitter (DJ):       0.200ns
    Phase Error (PE):           0.000ns

  Maximum Data Path at Slow Process Corner: SevenSegmentDisplay_instant/counter_0 to SevenSegmentDisplay_instant/counter_18
    Location             Delay type         Delay(ns)  Physical Resource
                                                       Logical Resource(s)
    -------------------------------------------------  -------------------
    SLICE_X12Y21.AQ      Tcko                  0.525   SevenSegmentDisplay_instant/counter<3>
                                                       SevenSegmentDisplay_instant/counter_0
    SLICE_X12Y21.A5      net (fanout=1)        0.456   SevenSegmentDisplay_instant/counter<0>
    SLICE_X12Y21.COUT    Topcya                0.474   SevenSegmentDisplay_instant/counter<3>
                                                       SevenSegmentDisplay_instant/Mcount_counter_lut<0>_INV_0
                                                       SevenSegmentDisplay_instant/Mcount_counter_cy<3>
    SLICE_X12Y22.CIN     net (fanout=1)        0.003   SevenSegmentDisplay_instant/Mcount_counter_cy<3>
    SLICE_X12Y22.COUT    Tbyp                  0.093   SevenSegmentDisplay_instant/counter<7>
                                                       SevenSegmentDisplay_instant/Mcount_counter_cy<7>
    SLICE_X12Y23.CIN     net (fanout=1)        0.003   SevenSegmentDisplay_instant/Mcount_counter_cy<7>
    SLICE_X12Y23.COUT    Tbyp                  0.093   SevenSegmentDisplay_instant/counter<11>
                                                       SevenSegmentDisplay_instant/Mcount_counter_cy<11>
    SLICE_X12Y24.CIN     net (fanout=1)        0.082   SevenSegmentDisplay_instant/Mcount_counter_cy<11>
    SLICE_X12Y24.COUT    Tbyp                  0.093   SevenSegmentDisplay_instant/counter<15>
                                                       SevenSegmentDisplay_instant/Mcount_counter_cy<15>
    SLICE_X12Y25.CIN     net (fanout=1)        0.003   SevenSegmentDisplay_instant/Mcount_counter_cy<15>
    SLICE_X12Y25.CLK     Tcinck                0.272   SevenSegmentDisplay_instant/counter<18>
                                                       SevenSegmentDisplay_instant/Mcount_counter_xor<18>
                                                       SevenSegmentDisplay_instant/counter_18
    -------------------------------------------------  ---------------------------
    Total                                      2.097ns (1.550ns logic, 0.547ns route)
                                                       (73.9% logic, 26.1% route)

--------------------------------------------------------------------------------
Slack (setup path):     7.847ns (requirement - (data path - clock path skew + uncertainty))
  Source:               SevenSegmentDisplay_instant/counter_4 (FF)
  Destination:          SevenSegmentDisplay_instant/counter_18 (FF)
  Requirement:          10.000ns
  Data Path Delay:      2.001ns (Levels of Logic = 4)
  Clock Path Skew:      -0.017ns (0.285 - 0.302)
  Source Clock:         CLK_100MHz rising at 0.000ns
  Destination Clock:    CLK_100MHz rising at 10.000ns
  Clock Uncertainty:    0.135ns

  Clock Uncertainty:          0.135ns  ((TSJ^2 + TIJ^2)^1/2 + DJ) / 2 + PE
    Total System Jitter (TSJ):  0.070ns
    Total Input Jitter (TIJ):   0.000ns
    Discrete Jitter (DJ):       0.200ns
    Phase Error (PE):           0.000ns

  Maximum Data Path at Slow Process Corner: SevenSegmentDisplay_instant/counter_4 to SevenSegmentDisplay_instant/counter_18
    Location             Delay type         Delay(ns)  Physical Resource
                                                       Logical Resource(s)
    -------------------------------------------------  -------------------
    SLICE_X12Y22.AQ      Tcko                  0.525   SevenSegmentDisplay_instant/counter<7>
                                                       SevenSegmentDisplay_instant/counter_4
    SLICE_X12Y22.A5      net (fanout=1)        0.456   SevenSegmentDisplay_instant/counter<4>
    SLICE_X12Y22.COUT    Topcya                0.474   SevenSegmentDisplay_instant/counter<7>
                                                       SevenSegmentDisplay_instant/counter<4>_rt
                                                       SevenSegmentDisplay_instant/Mcount_counter_cy<7>
    SLICE_X12Y23.CIN     net (fanout=1)        0.003   SevenSegmentDisplay_instant/Mcount_counter_cy<7>
    SLICE_X12Y23.COUT    Tbyp                  0.093   SevenSegmentDisplay_instant/counter<11>
                                                       SevenSegmentDisplay_instant/Mcount_counter_cy<11>
    SLICE_X12Y24.CIN     net (fanout=1)        0.082   SevenSegmentDisplay_instant/Mcount_counter_cy<11>
    SLICE_X12Y24.COUT    Tbyp                  0.093   SevenSegmentDisplay_instant/counter<15>
                                                       SevenSegmentDisplay_instant/Mcount_counter_cy<15>
    SLICE_X12Y25.CIN     net (fanout=1)        0.003   SevenSegmentDisplay_instant/Mcount_counter_cy<15>
    SLICE_X12Y25.CLK     Tcinck                0.272   SevenSegmentDisplay_instant/counter<18>
                                                       SevenSegmentDisplay_instant/Mcount_counter_xor<18>
                                                       SevenSegmentDisplay_instant/counter_18
    -------------------------------------------------  ---------------------------
    Total                                      2.001ns (1.457ns logic, 0.544ns route)
                                                       (72.8% logic, 27.2% route)

--------------------------------------------------------------------------------
Slack (setup path):     7.918ns (requirement - (data path - clock path skew + uncertainty))
  Source:               SevenSegmentDisplay_instant/counter_3 (FF)
  Destination:          SevenSegmentDisplay_instant/counter_18 (FF)
  Requirement:          10.000ns
  Data Path Delay:      1.927ns (Levels of Logic = 5)
  Clock Path Skew:      -0.020ns (0.285 - 0.305)
  Source Clock:         CLK_100MHz rising at 0.000ns
  Destination Clock:    CLK_100MHz rising at 10.000ns
  Clock Uncertainty:    0.135ns

  Clock Uncertainty:          0.135ns  ((TSJ^2 + TIJ^2)^1/2 + DJ) / 2 + PE
    Total System Jitter (TSJ):  0.070ns
    Total Input Jitter (TIJ):   0.000ns
    Discrete Jitter (DJ):       0.200ns
    Phase Error (PE):           0.000ns

  Maximum Data Path at Slow Process Corner: SevenSegmentDisplay_instant/counter_3 to SevenSegmentDisplay_instant/counter_18
    Location             Delay type         Delay(ns)  Physical Resource
                                                       Logical Resource(s)
    -------------------------------------------------  -------------------
    SLICE_X12Y21.DQ      Tcko                  0.525   SevenSegmentDisplay_instant/counter<3>
                                                       SevenSegmentDisplay_instant/counter_3
    SLICE_X12Y21.D5      net (fanout=1)        0.448   SevenSegmentDisplay_instant/counter<3>
    SLICE_X12Y21.COUT    Topcyd                0.312   SevenSegmentDisplay_instant/counter<3>
                                                       SevenSegmentDisplay_instant/counter<3>_rt
                                                       SevenSegmentDisplay_instant/Mcount_counter_cy<3>
    SLICE_X12Y22.CIN     net (fanout=1)        0.003   SevenSegmentDisplay_instant/Mcount_counter_cy<3>
    SLICE_X12Y22.COUT    Tbyp                  0.093   SevenSegmentDisplay_instant/counter<7>
                                                       SevenSegmentDisplay_instant/Mcount_counter_cy<7>
    SLICE_X12Y23.CIN     net (fanout=1)        0.003   SevenSegmentDisplay_instant/Mcount_counter_cy<7>
    SLICE_X12Y23.COUT    Tbyp                  0.093   SevenSegmentDisplay_instant/counter<11>
                                                       SevenSegmentDisplay_instant/Mcount_counter_cy<11>
    SLICE_X12Y24.CIN     net (fanout=1)        0.082   SevenSegmentDisplay_instant/Mcount_counter_cy<11>
    SLICE_X12Y24.COUT    Tbyp                  0.093   SevenSegmentDisplay_instant/counter<15>
                                                       SevenSegmentDisplay_instant/Mcount_counter_cy<15>
    SLICE_X12Y25.CIN     net (fanout=1)        0.003   SevenSegmentDisplay_instant/Mcount_counter_cy<15>
    SLICE_X12Y25.CLK     Tcinck                0.272   SevenSegmentDisplay_instant/counter<18>
                                                       SevenSegmentDisplay_instant/Mcount_counter_xor<18>
                                                       SevenSegmentDisplay_instant/counter_18
    -------------------------------------------------  ---------------------------
    Total                                      1.927ns (1.388ns logic, 0.539ns route)
                                                       (72.0% logic, 28.0% route)

--------------------------------------------------------------------------------

Paths for end point SevenSegmentDisplay_instant/counter_15 (SLICE_X12Y24.CIN), 12 paths
--------------------------------------------------------------------------------
Slack (setup path):     7.801ns (requirement - (data path - clock path skew + uncertainty))
  Source:               SevenSegmentDisplay_instant/counter_0 (FF)
  Destination:          SevenSegmentDisplay_instant/counter_15 (FF)
  Requirement:          10.000ns
  Data Path Delay:      2.042ns (Levels of Logic = 4)
  Clock Path Skew:      -0.022ns (0.283 - 0.305)
  Source Clock:         CLK_100MHz rising at 0.000ns
  Destination Clock:    CLK_100MHz rising at 10.000ns
  Clock Uncertainty:    0.135ns

  Clock Uncertainty:          0.135ns  ((TSJ^2 + TIJ^2)^1/2 + DJ) / 2 + PE
    Total System Jitter (TSJ):  0.070ns
    Total Input Jitter (TIJ):   0.000ns
    Discrete Jitter (DJ):       0.200ns
    Phase Error (PE):           0.000ns

  Maximum Data Path at Slow Process Corner: SevenSegmentDisplay_instant/counter_0 to SevenSegmentDisplay_instant/counter_15
    Location             Delay type         Delay(ns)  Physical Resource
                                                       Logical Resource(s)
    -------------------------------------------------  -------------------
    SLICE_X12Y21.AQ      Tcko                  0.525   SevenSegmentDisplay_instant/counter<3>
                                                       SevenSegmentDisplay_instant/counter_0
    SLICE_X12Y21.A5      net (fanout=1)        0.456   SevenSegmentDisplay_instant/counter<0>
    SLICE_X12Y21.COUT    Topcya                0.474   SevenSegmentDisplay_instant/counter<3>
                                                       SevenSegmentDisplay_instant/Mcount_counter_lut<0>_INV_0
                                                       SevenSegmentDisplay_instant/Mcount_counter_cy<3>
    SLICE_X12Y22.CIN     net (fanout=1)        0.003   SevenSegmentDisplay_instant/Mcount_counter_cy<3>
    SLICE_X12Y22.COUT    Tbyp                  0.093   SevenSegmentDisplay_instant/counter<7>
                                                       SevenSegmentDisplay_instant/Mcount_counter_cy<7>
    SLICE_X12Y23.CIN     net (fanout=1)        0.003   SevenSegmentDisplay_instant/Mcount_counter_cy<7>
    SLICE_X12Y23.COUT    Tbyp                  0.093   SevenSegmentDisplay_instant/counter<11>
                                                       SevenSegmentDisplay_instant/Mcount_counter_cy<11>
    SLICE_X12Y24.CIN     net (fanout=1)        0.082   SevenSegmentDisplay_instant/Mcount_counter_cy<11>
    SLICE_X12Y24.CLK     Tcinck                0.313   SevenSegmentDisplay_instant/counter<15>
                                                       SevenSegmentDisplay_instant/Mcount_counter_cy<15>
                                                       SevenSegmentDisplay_instant/counter_15
    -------------------------------------------------  ---------------------------
    Total                                      2.042ns (1.498ns logic, 0.544ns route)
                                                       (73.4% logic, 26.6% route)

--------------------------------------------------------------------------------
Slack (setup path):     7.900ns (requirement - (data path - clock path skew + uncertainty))
  Source:               SevenSegmentDisplay_instant/counter_4 (FF)
  Destination:          SevenSegmentDisplay_instant/counter_15 (FF)
  Requirement:          10.000ns
  Data Path Delay:      1.946ns (Levels of Logic = 3)
  Clock Path Skew:      -0.019ns (0.283 - 0.302)
  Source Clock:         CLK_100MHz rising at 0.000ns
  Destination Clock:    CLK_100MHz rising at 10.000ns
  Clock Uncertainty:    0.135ns

  Clock Uncertainty:          0.135ns  ((TSJ^2 + TIJ^2)^1/2 + DJ) / 2 + PE
    Total System Jitter (TSJ):  0.070ns
    Total Input Jitter (TIJ):   0.000ns
    Discrete Jitter (DJ):       0.200ns
    Phase Error (PE):           0.000ns

  Maximum Data Path at Slow Process Corner: SevenSegmentDisplay_instant/counter_4 to SevenSegmentDisplay_instant/counter_15
    Location             Delay type         Delay(ns)  Physical Resource
                                                       Logical Resource(s)
    -------------------------------------------------  -------------------
    SLICE_X12Y22.AQ      Tcko                  0.525   SevenSegmentDisplay_instant/counter<7>
                                                       SevenSegmentDisplay_instant/counter_4
    SLICE_X12Y22.A5      net (fanout=1)        0.456   SevenSegmentDisplay_instant/counter<4>
    SLICE_X12Y22.COUT    Topcya                0.474   SevenSegmentDisplay_instant/counter<7>
                                                       SevenSegmentDisplay_instant/counter<4>_rt
                                                       SevenSegmentDisplay_instant/Mcount_counter_cy<7>
    SLICE_X12Y23.CIN     net (fanout=1)        0.003   SevenSegmentDisplay_instant/Mcount_counter_cy<7>
    SLICE_X12Y23.COUT    Tbyp                  0.093   SevenSegmentDisplay_instant/counter<11>
                                                       SevenSegmentDisplay_instant/Mcount_counter_cy<11>
    SLICE_X12Y24.CIN     net (fanout=1)        0.082   SevenSegmentDisplay_instant/Mcount_counter_cy<11>
    SLICE_X12Y24.CLK     Tcinck                0.313   SevenSegmentDisplay_instant/counter<15>
                                                       SevenSegmentDisplay_instant/Mcount_counter_cy<15>
                                                       SevenSegmentDisplay_instant/counter_15
    -------------------------------------------------  ---------------------------
    Total                                      1.946ns (1.405ns logic, 0.541ns route)
                                                       (72.2% logic, 27.8% route)

--------------------------------------------------------------------------------
Slack (setup path):     7.971ns (requirement - (data path - clock path skew + uncertainty))
  Source:               SevenSegmentDisplay_instant/counter_3 (FF)
  Destination:          SevenSegmentDisplay_instant/counter_15 (FF)
  Requirement:          10.000ns
  Data Path Delay:      1.872ns (Levels of Logic = 4)
  Clock Path Skew:      -0.022ns (0.283 - 0.305)
  Source Clock:         CLK_100MHz rising at 0.000ns
  Destination Clock:    CLK_100MHz rising at 10.000ns
  Clock Uncertainty:    0.135ns

  Clock Uncertainty:          0.135ns  ((TSJ^2 + TIJ^2)^1/2 + DJ) / 2 + PE
    Total System Jitter (TSJ):  0.070ns
    Total Input Jitter (TIJ):   0.000ns
    Discrete Jitter (DJ):       0.200ns
    Phase Error (PE):           0.000ns

  Maximum Data Path at Slow Process Corner: SevenSegmentDisplay_instant/counter_3 to SevenSegmentDisplay_instant/counter_15
    Location             Delay type         Delay(ns)  Physical Resource
                                                       Logical Resource(s)
    -------------------------------------------------  -------------------
    SLICE_X12Y21.DQ      Tcko                  0.525   SevenSegmentDisplay_instant/counter<3>
                                                       SevenSegmentDisplay_instant/counter_3
    SLICE_X12Y21.D5      net (fanout=1)        0.448   SevenSegmentDisplay_instant/counter<3>
    SLICE_X12Y21.COUT    Topcyd                0.312   SevenSegmentDisplay_instant/counter<3>
                                                       SevenSegmentDisplay_instant/counter<3>_rt
                                                       SevenSegmentDisplay_instant/Mcount_counter_cy<3>
    SLICE_X12Y22.CIN     net (fanout=1)        0.003   SevenSegmentDisplay_instant/Mcount_counter_cy<3>
    SLICE_X12Y22.COUT    Tbyp                  0.093   SevenSegmentDisplay_instant/counter<7>
                                                       SevenSegmentDisplay_instant/Mcount_counter_cy<7>
    SLICE_X12Y23.CIN     net (fanout=1)        0.003   SevenSegmentDisplay_instant/Mcount_counter_cy<7>
    SLICE_X12Y23.COUT    Tbyp                  0.093   SevenSegmentDisplay_instant/counter<11>
                                                       SevenSegmentDisplay_instant/Mcount_counter_cy<11>
    SLICE_X12Y24.CIN     net (fanout=1)        0.082   SevenSegmentDisplay_instant/Mcount_counter_cy<11>
    SLICE_X12Y24.CLK     Tcinck                0.313   SevenSegmentDisplay_instant/counter<15>
                                                       SevenSegmentDisplay_instant/Mcount_counter_cy<15>
                                                       SevenSegmentDisplay_instant/counter_15
    -------------------------------------------------  ---------------------------
    Total                                      1.872ns (1.336ns logic, 0.536ns route)
                                                       (71.4% logic, 28.6% route)

--------------------------------------------------------------------------------

Hold Paths: PERIOD analysis for net "clocking_Instant/clk0" derived from
 NET "clocking_Instant/clkin1" PERIOD = 10 ns HIGH 50%;
 duty cycle corrected to 10 nS  HIGH 5 nS 

--------------------------------------------------------------------------------

Paths for end point SevenSegmentDisplay_instant/counter_1 (SLICE_X12Y21.B5), 1 path
--------------------------------------------------------------------------------
Slack (hold path):      0.530ns (requirement - (clock path skew + uncertainty - data path))
  Source:               SevenSegmentDisplay_instant/counter_1 (FF)
  Destination:          SevenSegmentDisplay_instant/counter_1 (FF)
  Requirement:          0.000ns
  Data Path Delay:      0.530ns (Levels of Logic = 1)
  Clock Path Skew:      0.000ns
  Source Clock:         CLK_100MHz rising at 10.000ns
  Destination Clock:    CLK_100MHz rising at 10.000ns
  Clock Uncertainty:    0.000ns

  Minimum Data Path at Fast Process Corner: SevenSegmentDisplay_instant/counter_1 to SevenSegmentDisplay_instant/counter_1
    Location             Delay type         Delay(ns)  Physical Resource
                                                       Logical Resource(s)
    -------------------------------------------------  -------------------
    SLICE_X12Y21.BQ      Tcko                  0.234   SevenSegmentDisplay_instant/counter<3>
                                                       SevenSegmentDisplay_instant/counter_1
    SLICE_X12Y21.B5      net (fanout=1)        0.059   SevenSegmentDisplay_instant/counter<1>
    SLICE_X12Y21.CLK     Tah         (-Th)    -0.237   SevenSegmentDisplay_instant/counter<3>
                                                       SevenSegmentDisplay_instant/counter<1>_rt
                                                       SevenSegmentDisplay_instant/Mcount_counter_cy<3>
                                                       SevenSegmentDisplay_instant/counter_1
    -------------------------------------------------  ---------------------------
    Total                                      0.530ns (0.471ns logic, 0.059ns route)
                                                       (88.9% logic, 11.1% route)

--------------------------------------------------------------------------------

Paths for end point SevenSegmentDisplay_instant/counter_5 (SLICE_X12Y22.B5), 1 path
--------------------------------------------------------------------------------
Slack (hold path):      0.530ns (requirement - (clock path skew + uncertainty - data path))
  Source:               SevenSegmentDisplay_instant/counter_5 (FF)
  Destination:          SevenSegmentDisplay_instant/counter_5 (FF)
  Requirement:          0.000ns
  Data Path Delay:      0.530ns (Levels of Logic = 1)
  Clock Path Skew:      0.000ns
  Source Clock:         CLK_100MHz rising at 10.000ns
  Destination Clock:    CLK_100MHz rising at 10.000ns
  Clock Uncertainty:    0.000ns

  Minimum Data Path at Fast Process Corner: SevenSegmentDisplay_instant/counter_5 to SevenSegmentDisplay_instant/counter_5
    Location             Delay type         Delay(ns)  Physical Resource
                                                       Logical Resource(s)
    -------------------------------------------------  -------------------
    SLICE_X12Y22.BQ      Tcko                  0.234   SevenSegmentDisplay_instant/counter<7>
                                                       SevenSegmentDisplay_instant/counter_5
    SLICE_X12Y22.B5      net (fanout=1)        0.059   SevenSegmentDisplay_instant/counter<5>
    SLICE_X12Y22.CLK     Tah         (-Th)    -0.237   SevenSegmentDisplay_instant/counter<7>
                                                       SevenSegmentDisplay_instant/counter<5>_rt
                                                       SevenSegmentDisplay_instant/Mcount_counter_cy<7>
                                                       SevenSegmentDisplay_instant/counter_5
    -------------------------------------------------  ---------------------------
    Total                                      0.530ns (0.471ns logic, 0.059ns route)
                                                       (88.9% logic, 11.1% route)

--------------------------------------------------------------------------------

Paths for end point SevenSegmentDisplay_instant/counter_9 (SLICE_X12Y23.B5), 1 path
--------------------------------------------------------------------------------
Slack (hold path):      0.530ns (requirement - (clock path skew + uncertainty - data path))
  Source:               SevenSegmentDisplay_instant/counter_9 (FF)
  Destination:          SevenSegmentDisplay_instant/counter_9 (FF)
  Requirement:          0.000ns
  Data Path Delay:      0.530ns (Levels of Logic = 1)
  Clock Path Skew:      0.000ns
  Source Clock:         CLK_100MHz rising at 10.000ns
  Destination Clock:    CLK_100MHz rising at 10.000ns
  Clock Uncertainty:    0.000ns

  Minimum Data Path at Fast Process Corner: SevenSegmentDisplay_instant/counter_9 to SevenSegmentDisplay_instant/counter_9
    Location             Delay type         Delay(ns)  Physical Resource
                                                       Logical Resource(s)
    -------------------------------------------------  -------------------
    SLICE_X12Y23.BQ      Tcko                  0.234   SevenSegmentDisplay_instant/counter<11>
                                                       SevenSegmentDisplay_instant/counter_9
    SLICE_X12Y23.B5      net (fanout=1)        0.059   SevenSegmentDisplay_instant/counter<9>
    SLICE_X12Y23.CLK     Tah         (-Th)    -0.237   SevenSegmentDisplay_instant/counter<11>
                                                       SevenSegmentDisplay_instant/counter<9>_rt
                                                       SevenSegmentDisplay_instant/Mcount_counter_cy<11>
                                                       SevenSegmentDisplay_instant/counter_9
    -------------------------------------------------  ---------------------------
    Total                                      0.530ns (0.471ns logic, 0.059ns route)
                                                       (88.9% logic, 11.1% route)

--------------------------------------------------------------------------------

Component Switching Limit Checks: PERIOD analysis for net "clocking_Instant/clk0" derived from
 NET "clocking_Instant/clkin1" PERIOD = 10 ns HIGH 50%;
 duty cycle corrected to 10 nS  HIGH 5 nS 

--------------------------------------------------------------------------------
Slack: 6.000ns (period - min period limit)
  Period: 10.000ns
  Min period limit: 4.000ns (250.000MHz) (Tdcmper_CLKOUT)
  Physical resource: clocking_Instant/dcm_sp_inst/CLK0
  Logical resource: clocking_Instant/dcm_sp_inst/CLK0
  Location pin: DCM_X0Y1.CLK0
  Clock network: clocking_Instant/clk0
--------------------------------------------------------------------------------
Slack: 7.334ns (period - min period limit)
  Period: 10.000ns
  Min period limit: 2.666ns (375.094MHz) (Tbcper_I)
  Physical resource: clocking_Instant/clkout1_buf/I0
  Logical resource: clocking_Instant/clkout1_buf/I0
  Location pin: BUFGMUX_X2Y3.I0
  Clock network: clocking_Instant/clk0
--------------------------------------------------------------------------------
Slack: 8.948ns (period - min period limit)
  Period: 10.000ns
  Min period limit: 1.052ns (950.570MHz) (Tbufper_I)
  Physical resource: SP6_INS_BUFIO2FB_DCM_ML_BUFIO2FB_1/I
  Logical resource: SP6_INS_BUFIO2FB_DCM_ML_BUFIO2FB_1/I
  Location pin: BUFIO2FB_X3Y7.I
  Clock network: CLK_100MHz
--------------------------------------------------------------------------------


Derived Constraint Report
Derived Constraints for clocking_Instant/clkin1
+-------------------------------+-------------+-------------+-------------+-------------+-------------+-------------+-------------+
|                               |   Period    |       Actual Period       |      Timing Errors        |      Paths Analyzed       |
|           Constraint          | Requirement |-------------+-------------|-------------+-------------|-------------+-------------|
|                               |             |   Direct    | Derivative  |   Direct    | Derivative  |   Direct    | Derivative  |
+-------------------------------+-------------+-------------+-------------+-------------+-------------+-------------+-------------+
|clocking_Instant/clkin1        |     10.000ns|      5.340ns|      4.000ns|            0|            0|            0|          191|
| clocking_Instant/clk0         |     10.000ns|      4.000ns|          N/A|            0|            0|          191|            0|
+-------------------------------+-------------+-------------+-------------+-------------+-------------+-------------+-------------+

All constraints were met.


Data Sheet report:
-----------------
All values displayed in nanoseconds (ns)

Clock to Setup on destination clock CLK
---------------+---------+---------+---------+---------+
               | Src:Rise| Src:Fall| Src:Rise| Src:Fall|
Source Clock   |Dest:Rise|Dest:Rise|Dest:Fall|Dest:Fall|
---------------+---------+---------+---------+---------+
CLK            |    2.283|         |         |         |
---------------+---------+---------+---------+---------+


Timing summary:
---------------

Timing errors: 0  Score: 0  (Setup/Max: 0, Hold: 0)

Constraints cover 191 paths, 0 nets, and 35 connections

Design statistics:
   Minimum period:   5.340ns{1}   (Maximum frequency: 187.266MHz)


------------------------------------Footnotes-----------------------------------
1)  The minimum period statistic assumes all single cycle delays.

Analysis completed Tue Dec 18 01:06:44 2018 
--------------------------------------------------------------------------------

Trace Settings:
-------------------------
Trace Settings 

Peak Memory Usage: 206 MB



